Archive member included to satisfy reference by file (symbol)

/nas/ei/share/tools/gcc/gcc-arm/gcc-arm-none-eabi-10.3-2021.10/bin/../lib/gcc/arm-none-eabi/10.3.1/../../../../arm-none-eabi/lib/thumb/v7e-m/nofp/libg.a(lib_a-errno.o)
                              lib_build/syscalls.o (__errno)
/nas/ei/share/tools/gcc/gcc-arm/gcc-arm-none-eabi-10.3-2021.10/bin/../lib/gcc/arm-none-eabi/10.3.1/../../../../arm-none-eabi/lib/thumb/v7e-m/nofp/libg.a(lib_a-impure.o)
                              /nas/ei/share/tools/gcc/gcc-arm/gcc-arm-none-eabi-10.3-2021.10/bin/../lib/gcc/arm-none-eabi/10.3.1/../../../../arm-none-eabi/lib/thumb/v7e-m/nofp/libg.a(lib_a-errno.o) (_impure_ptr)
/nas/ei/share/tools/gcc/gcc-arm/gcc-arm-none-eabi-10.3-2021.10/bin/../lib/gcc/arm-none-eabi/10.3.1/../../../../arm-none-eabi/lib/thumb/v7e-m/nofp/libg.a(lib_a-init.o)
                              lib_build/startup_XMC4500.o (__libc_init_array)
/nas/ei/share/tools/gcc/gcc-arm/gcc-arm-none-eabi-10.3-2021.10/bin/../lib/gcc/arm-none-eabi/10.3.1/../../../../arm-none-eabi/lib/thumb/v7e-m/nofp/libg.a(lib_a-memcpy.o)
                              build/example_project.o (memcpy)

Discarded input sections

 .group         0x0000000000000000        0xc build/example_project.o
 .group         0x0000000000000000        0xc build/example_project.o
 .group         0x0000000000000000        0xc build/example_project.o
 .group         0x0000000000000000        0xc build/example_project.o
 .group         0x0000000000000000        0xc build/example_project.o
 .group         0x0000000000000000        0xc build/example_project.o
 .group         0x0000000000000000        0xc build/example_project.o
 .group         0x0000000000000000        0xc build/example_project.o
 .group         0x0000000000000000        0xc build/example_project.o
 .group         0x0000000000000000        0xc build/example_project.o
 .group         0x0000000000000000        0xc build/example_project.o
 .group         0x0000000000000000        0xc build/example_project.o
 .group         0x0000000000000000        0xc build/example_project.o
 .group         0x0000000000000000        0xc build/example_project.o
 .group         0x0000000000000000        0xc build/example_project.o
 .group         0x0000000000000000        0xc build/example_project.o
 .group         0x0000000000000000        0xc build/example_project.o
 .group         0x0000000000000000        0xc build/example_project.o
 .group         0x0000000000000000        0xc build/example_project.o
 .group         0x0000000000000000        0xc build/example_project.o
 .group         0x0000000000000000        0xc build/example_project.o
 .group         0x0000000000000000        0xc build/example_project.o
 .group         0x0000000000000000        0xc build/example_project.o
 .group         0x0000000000000000        0xc build/example_project.o
 .group         0x0000000000000000        0xc build/example_project.o
 .group         0x0000000000000000        0xc build/example_project.o
 .group         0x0000000000000000        0xc build/example_project.o
 .group         0x0000000000000000        0xc build/example_project.o
 .group         0x0000000000000000        0xc build/example_project.o
 .group         0x0000000000000000        0xc build/example_project.o
 .group         0x0000000000000000        0xc build/example_project.o
 .group         0x0000000000000000        0xc build/example_project.o
 .group         0x0000000000000000        0xc build/example_project.o
 .group         0x0000000000000000        0xc build/example_project.o
 .comment       0x0000000000000000       0x4a build/example_project.o
 .group         0x0000000000000000        0xc lib_build/xmc_gpio.o
 .group         0x0000000000000000        0xc lib_build/xmc_gpio.o
 .group         0x0000000000000000        0xc lib_build/xmc_gpio.o
 .group         0x0000000000000000        0xc lib_build/xmc_gpio.o
 .group         0x0000000000000000        0xc lib_build/xmc_gpio.o
 .group         0x0000000000000000        0xc lib_build/xmc_gpio.o
 .group         0x0000000000000000        0xc lib_build/xmc_gpio.o
 .group         0x0000000000000000        0xc lib_build/xmc_gpio.o
 .group         0x0000000000000000        0xc lib_build/xmc_gpio.o
 .group         0x0000000000000000        0xc lib_build/xmc_gpio.o
 .group         0x0000000000000000        0xc lib_build/xmc_gpio.o
 .group         0x0000000000000000        0xc lib_build/xmc_gpio.o
 .group         0x0000000000000000        0xc lib_build/xmc_gpio.o
 .group         0x0000000000000000        0xc lib_build/xmc_gpio.o
 .group         0x0000000000000000        0xc lib_build/xmc_gpio.o
 .group         0x0000000000000000        0xc lib_build/xmc_gpio.o
 .group         0x0000000000000000        0xc lib_build/xmc_gpio.o
 .group         0x0000000000000000        0xc lib_build/xmc_gpio.o
 .group         0x0000000000000000        0xc lib_build/xmc_gpio.o
 .group         0x0000000000000000        0xc lib_build/xmc_gpio.o
[...]
Memory Configuration

Name             Origin             Length             Attributes
FLASH_1_cached   0x0000000008000000 0x0000000000100000 xr
FLASH_1_uncached 0x000000000c000000 0x0000000000100000 xr
PSRAM_1          0x0000000010000000 0x0000000000010000 !xr
DSRAM_1_system   0x0000000020000000 0x0000000000010000 !xr
DSRAM_2_comm     0x0000000030000000 0x0000000000008000 !xr
*default*        0x0000000000000000 0xffffffffffffffff

Linker script and memory map

LOAD build/example_project.o
LOAD lib_build/xmc_gpio.o
LOAD lib_build/xmc4_gpio.o
LOAD lib_build/xmc_rtc.o
LOAD lib_build/xmc4_rtc.o
LOAD lib_build/xmc4_scu.o
LOAD lib_build/startup_XMC4500.o
LOAD lib_build/system_XMC4500.o
LOAD lib_build/syscalls.o
START GROUP
LOAD /nas/ei/share/tools/gcc/gcc-arm/gcc-arm-none-eabi-10.3-2021.10/bin/../lib/gcc/arm-none-eabi/10.3.1/thumb/v7e-m/nofp/libgcc.a
LOAD /nas/ei/share/tools/gcc/gcc-arm/gcc-arm-none-eabi-10.3-2021.10/bin/../lib/gcc/arm-none-eabi/10.3.1/../../../../arm-none-eabi/lib/thumb/v7e-m/nofp/libg.a
LOAD /nas/ei/share/tools/gcc/gcc-arm/gcc-arm-none-eabi-10.3-2021.10/bin/../lib/gcc/arm-none-eabi/10.3.1/../../../../arm-none-eabi/lib/thumb/v7e-m/nofp/libc.a
END GROUP
START GROUP
LOAD /nas/ei/share/tools/gcc/gcc-arm/gcc-arm-none-eabi-10.3-2021.10/bin/../lib/gcc/arm-none-eabi/10.3.1/thumb/v7e-m/nofp/libgcc.a
LOAD /nas/ei/share/tools/gcc/gcc-arm/gcc-arm-none-eabi-10.3-2021.10/bin/../lib/gcc/arm-none-eabi/10.3.1/../../../../arm-none-eabi/lib/thumb/v7e-m/nofp/libc.a
LOAD /nas/ei/share/tools/gcc/gcc-arm/gcc-arm-none-eabi-10.3-2021.10/bin/../lib/gcc/arm-none-eabi/10.3.1/../../../../arm-none-eabi/lib/thumb/v7e-m/nofp/libnosys.a
END GROUP
                0x0000000000000800                stack_size = DEFINED (stack_size)?stack_size:0x800
                0x0000000000000040                no_init_size = 0x40

.text           0x0000000008000000     0x2b94 load address 0x000000000c000000
                0x0000000008000000                sText = .
 *(.reset)
 .reset         0x0000000008000000      0x2b2 lib_build/startup_XMC4500.o
                0x0000000008000000                __Vectors
                0x0000000008000200                Reset_Handler
                0x00000000080002b0                VADC0_C0_3_IRQHandler
                0x00000000080002b0                DSD0_7_IRQHandler
                0x00000000080002b0                DebugMon_Handler
                0x00000000080002b0                VADC0_C0_0_IRQHandler
                0x00000000080002b0                CAN0_4_IRQHandler
                0x00000000080002b0                VADC0_G2_0_IRQHandler
                0x00000000080002b0                USIC0_5_IRQHandler
                0x00000000080002b0                POSIF0_0_IRQHandler
                0x00000000080002b0                POSIF1_0_IRQHandler
                0x00000000080002b0                HardFault_Handler
                0x00000000080002b0                VADC0_G1_1_IRQHandler
                0x00000000080002b0                PendSV_Handler
                0x00000000080002b0                NMI_Handler
                0x00000000080002b0                USIC1_3_IRQHandler
                0x00000000080002b0                CCU40_2_IRQHandler
                0x00000000080002b0                SCU_0_IRQHandler
                0x00000000080002b0                ERU0_0_IRQHandler
                0x00000000080002b0                CCU41_0_IRQHandler
                0x00000000080002b0                USIC1_5_IRQHandler
                0x00000000080002b0                DSD0_4_IRQHandler
                0x00000000080002b0                CCU80_1_IRQHandler
                0x00000000080002b0                CCU81_0_IRQHandler
                0x00000000080002b0                UsageFault_Handler
                0x00000000080002b0                USIC0_0_IRQHandler
                0x00000000080002b0                POSIF1_1_IRQHandler
                0x00000000080002b0                ERU0_2_IRQHandler
                0x00000000080002b0                CCU81_1_IRQHandler
                0x00000000080002b0                ERU1_1_IRQHandler
                0x00000000080002b0                VADC0_G2_3_IRQHandler
                0x00000000080002b0                VADC0_G2_2_IRQHandler
                0x00000000080002b0                CCU42_3_IRQHandler
                0x00000000080002b0                ERU0_3_IRQHandler
                0x00000000080002b0                DSD0_5_IRQHandler
                0x00000000080002b0                CAN0_6_IRQHandler
                0x00000000080002b0                CCU43_0_IRQHandler
                0x00000000080002b0                VADC0_G0_1_IRQHandler
                0x00000000080002b0                CCU81_2_IRQHandler
                0x00000000080002b0                USIC2_4_IRQHandler
                0x00000000080002b0                CCU81_3_IRQHandler
                0x00000000080002b0                CCU42_1_IRQHandler
                0x00000000080002b0                USIC1_1_IRQHandler
                0x00000000080002b0                USIC2_5_IRQHandler
                0x00000000080002b0                CCU40_0_IRQHandler
                0x00000000080002b0                CAN0_0_IRQHandler
                0x00000000080002b0                ERU1_0_IRQHandler
                0x00000000080002b0                CCU42_2_IRQHandler
                0x00000000080002b0                Default_Handler
                0x00000000080002b0                USIC1_4_IRQHandler
                0x00000000080002b0                ERU1_3_IRQHandler
                0x00000000080002b0                USIC1_0_IRQHandler
                0x00000000080002b0                POSIF0_1_IRQHandler
                0x00000000080002b0                VADC0_G0_0_IRQHandler
                0x00000000080002b0                DSD0_2_IRQHandler
                0x00000000080002b0                CCU80_3_IRQHandler
                0x00000000080002b0                CCU41_3_IRQHandler
                0x00000000080002b0                CCU80_2_IRQHandler
                0x00000000080002b0                VADC0_G1_3_IRQHandler
                0x00000000080002b0                VADC0_G0_3_IRQHandler
                0x00000000080002b0                GPDMA0_0_IRQHandler
                0x00000000080002b0                PMU0_0_IRQHandler
                0x00000000080002b0                CAN0_7_IRQHandler
                0x00000000080002b0                DSD0_1_IRQHandler
                0x00000000080002b0                CCU41_2_IRQHandler
                0x00000000080002b0                VADC0_C0_1_IRQHandler
                0x00000000080002b0                CCU43_2_IRQHandler
                0x00000000080002b0                USIC2_2_IRQHandler
                0x00000000080002b0                MemManage_Handler
                0x00000000080002b0                VADC0_G3_1_IRQHandler
                0x00000000080002b0                DAC0_0_IRQHandler
                0x00000000080002b0                SVC_Handler
                0x00000000080002b0                VADC0_G3_3_IRQHandler
                0x00000000080002b0                ERU1_2_IRQHandler
                0x00000000080002b0                CCU41_1_IRQHandler
                0x00000000080002b0                DSD0_6_IRQHandler
                0x00000000080002b0                CCU43_1_IRQHandler
                0x00000000080002b0                VADC0_G1_2_IRQHandler
                0x00000000080002b0                USIC2_3_IRQHandler
                0x00000000080002b0                CAN0_2_IRQHandler
                0x00000000080002b0                USIC2_0_IRQHandler
                0x00000000080002b0                VADC0_G0_2_IRQHandler
                0x00000000080002b0                VADC0_G2_1_IRQHandler
                0x00000000080002b0                CAN0_3_IRQHandler
                0x00000000080002b0                ETH0_0_IRQHandler
                0x00000000080002b0                USIC0_3_IRQHandler
                0x00000000080002b0                DSD0_0_IRQHandler
                0x00000000080002b0                VADC0_C0_2_IRQHandler
                0x00000000080002b0                CCU42_0_IRQHandler
                0x00000000080002b0                FCE0_0_IRQHandler
                0x00000000080002b0                VADC0_G1_0_IRQHandler
                0x00000000080002b0                USB0_0_IRQHandler
                0x00000000080002b0                CAN0_5_IRQHandler
                0x00000000080002b0                CCU80_0_IRQHandler
                0x00000000080002b0                CCU40_1_IRQHandler
                0x00000000080002b0                USIC2_1_IRQHandler
                0x00000000080002b0                USIC0_1_IRQHandler
                0x00000000080002b0                VADC0_G3_2_IRQHandler
                0x00000000080002b0                CCU40_3_IRQHandler
                0x00000000080002b0                BusFault_Handler
                0x00000000080002b0                LEDTS0_0_IRQHandler
                0x00000000080002b0                USIC0_4_IRQHandler
                0x00000000080002b0                CCU43_3_IRQHandler
                0x00000000080002b0                ERU0_1_IRQHandler
                0x00000000080002b0                VADC0_G3_0_IRQHandler
                0x00000000080002b0                USIC1_2_IRQHandler
                0x00000000080002b0                DSD0_3_IRQHandler
                0x00000000080002b0                SDMMC0_0_IRQHandler
                0x00000000080002b0                CAN0_1_IRQHandler
                0x00000000080002b0                USIC0_2_IRQHandler
                0x00000000080002b0                DAC0_1_IRQHandler
                0x00000000080002b0                GPDMA1_0_IRQHandler
 *(.text .text.* .gnu.linkonce.t.*)
 .text          0x00000000080002b2        0x0 build/example_project.o
 *fill*         0x00000000080002b2        0x2 
 .text.__NVIC_SetPriority
                0x00000000080002b4       0x54 build/example_project.o
 .text.SysTick_Config
                0x0000000008000308       0x44 build/example_project.o
 .text.XMC_GPIO_SetOutputHigh
                0x000000000800034c       0x22 build/example_project.o
 .text.XMC_GPIO_SetOutputLow
                0x000000000800036e       0x24 build/example_project.o
 *fill*         0x0000000008000392        0x2 
 .text.SysTick_Handler
                0x0000000008000394       0x34 build/example_project.o
                0x0000000008000394                SysTick_Handler
 .text.main     0x00000000080003c8       0xb8 build/example_project.o
                0x00000000080003c8                main
 .text          0x0000000008000480        0x0 lib_build/xmc_gpio.o
 .text.XMC_GPIO_SetMode
                0x0000000008000480       0x82 lib_build/xmc_gpio.o
                0x0000000008000480                XMC_GPIO_SetMode
 .text.XMC_GPIO_SetHardwareControl
                0x0000000008000502       0x46 lib_build/xmc_gpio.o
                0x0000000008000502                XMC_GPIO_SetHardwareControl
 .text          0x0000000008000548        0x0 lib_build/xmc4_gpio.o
 .text.XMC_GPIO_Init
                0x0000000008000548      0x144 lib_build/xmc4_gpio.o
                0x0000000008000548                XMC_GPIO_Init
 .text.XMC_GPIO_SetOutputStrength
                0x000000000800068c       0x86 lib_build/xmc4_gpio.o
                0x000000000800068c                XMC_GPIO_SetOutputStrength
 .text          0x0000000008000712        0x0 lib_build/xmc_rtc.o
 *fill*         0x0000000008000712        0x2 
 .text.XMC_SCU_GetMirrorStatus
                0x0000000008000714       0x18 lib_build/xmc_rtc.o
 .text.XMC_RTC_Start
                0x000000000800072c       0x28 lib_build/xmc_rtc.o
                0x000000000800072c                XMC_RTC_Start
 .text.XMC_RTC_Stop
                0x0000000008000754       0x28 lib_build/xmc_rtc.o
                0x0000000008000754                XMC_RTC_Stop
 .text.XMC_RTC_SetPrescaler
                0x000000000800077c       0x38 lib_build/xmc_rtc.o
                0x000000000800077c                XMC_RTC_SetPrescaler
 .text.XMC_RTC_SetTime
                0x00000000080007b4       0x44 lib_build/xmc_rtc.o
                0x00000000080007b4                XMC_RTC_SetTime
 .text.XMC_RTC_GetTime
                0x00000000080007f8       0x28 lib_build/xmc_rtc.o
                0x00000000080007f8                XMC_RTC_GetTime
 .text.XMC_RTC_SetTimeStdFormat
                0x0000000008000820       0x9a lib_build/xmc_rtc.o
                0x0000000008000820                XMC_RTC_SetTimeStdFormat
 *fill*         0x00000000080008ba        0x2 
 .text.XMC_RTC_GetTimeStdFormat
                0x00000000080008bc       0x84 lib_build/xmc_rtc.o
                0x00000000080008bc                XMC_RTC_GetTimeStdFormat
 .text.XMC_RTC_SetAlarm
                0x0000000008000940       0x44 lib_build/xmc_rtc.o
                0x0000000008000940                XMC_RTC_SetAlarm
 .text.XMC_RTC_GetAlarm
                0x0000000008000984       0x28 lib_build/xmc_rtc.o
                0x0000000008000984                XMC_RTC_GetAlarm
 .text.XMC_RTC_SetAlarmStdFormat
                0x00000000080009ac       0x88 lib_build/xmc_rtc.o
                0x00000000080009ac                XMC_RTC_SetAlarmStdFormat
 .text.XMC_RTC_GetAlarmStdFormat
                0x0000000008000a34       0x74 lib_build/xmc_rtc.o
                0x0000000008000a34                XMC_RTC_GetAlarmStdFormat
 .text.XMC_RTC_GetEventStatus
                0x0000000008000aa8       0x18 lib_build/xmc_rtc.o
                0x0000000008000aa8                XMC_RTC_GetEventStatus
 .text          0x0000000008000ac0        0x0 lib_build/xmc4_rtc.o
 .text.XMC_RTC_IsRunning
                0x0000000008000ac0       0x24 lib_build/xmc4_rtc.o
 .text.XMC_SCU_GetMirrorStatus
                0x0000000008000ae4       0x18 lib_build/xmc4_rtc.o
 .text.XMC_RTC_Enable
                0x0000000008000afc        0xc lib_build/xmc4_rtc.o
                0x0000000008000afc                XMC_RTC_Enable
 .text.XMC_RTC_Disable
                0x0000000008000b08        0xe lib_build/xmc4_rtc.o
                0x0000000008000b08                XMC_RTC_Disable
 .text.XMC_RTC_IsEnabled
                0x0000000008000b16        0xe lib_build/xmc4_rtc.o
                0x0000000008000b16                XMC_RTC_IsEnabled
 .text.XMC_RTC_Init
                0x0000000008000b24       0xa4 lib_build/xmc4_rtc.o
                0x0000000008000b24                XMC_RTC_Init
 .text.XMC_RTC_EnableEvent
                0x0000000008000bc8       0x30 lib_build/xmc4_rtc.o
                0x0000000008000bc8                XMC_RTC_EnableEvent
 .text.XMC_RTC_DisableEvent
                0x0000000008000bf8       0x34 lib_build/xmc4_rtc.o
                0x0000000008000bf8                XMC_RTC_DisableEvent
 .text.XMC_RTC_ClearEvent
                0x0000000008000c2c       0x2c lib_build/xmc4_rtc.o
                0x0000000008000c2c                XMC_RTC_ClearEvent
 .text.XMC_RTC_EnableHibernationWakeUp
                0x0000000008000c58       0x30 lib_build/xmc4_rtc.o
                0x0000000008000c58                XMC_RTC_EnableHibernationWakeUp
 .text.XMC_RTC_DisableHibernationWakeUp
                0x0000000008000c88       0x34 lib_build/xmc4_rtc.o
                0x0000000008000c88                XMC_RTC_DisableHibernationWakeUp
 .text          0x0000000008000cbc        0x0 lib_build/xmc4_scu.o
 .text.XMC_SCU_CLOCK_GetUsbClockSource
                0x0000000008000cbc       0x1c lib_build/xmc4_scu.o
 .text.XMC_SCU_CLOCK_GetWdtClockSource
                0x0000000008000cd8       0x1c lib_build/xmc4_scu.o
 .text.XMC_SCU_CLOCK_GetExternalOutputClockSource
                0x0000000008000cf4       0x20 lib_build/xmc4_scu.o
 .text.XMC_SCU_CLOCK_GetSystemClockFrequency
                0x0000000008000d14       0x28 lib_build/xmc4_scu.o
 .text.XMC_SCU_CLOCK_GetCpuClockFrequency
                0x0000000008000d3c       0x18 lib_build/xmc4_scu.o
 .text.XMC_SCU_GetMirrorStatus
                0x0000000008000d54       0x18 lib_build/xmc4_scu.o
 .text.XMC_SCU_lDelay
                0x0000000008000d6c       0x48 lib_build/xmc4_scu.o
 .text.XMC_SCU_INTERRUPT_EnableEvent
                0x0000000008000db4       0x24 lib_build/xmc4_scu.o
                0x0000000008000db4                XMC_SCU_INTERRUPT_EnableEvent
 .text.XMC_SCU_INTERRUPT_DisableEvent
                0x0000000008000dd8       0x28 lib_build/xmc4_scu.o
                0x0000000008000dd8                XMC_SCU_INTERRUPT_DisableEvent
 .text.XMC_SCU_INTERRUPT_TriggerEvent
                0x0000000008000e00       0x24 lib_build/xmc4_scu.o
                0x0000000008000e00                XMC_SCU_INTERRUPT_TriggerEvent
 .text.XMC_SCU_INTERUPT_GetEventStatus
                0x0000000008000e24       0x18 lib_build/xmc4_scu.o
                0x0000000008000e24                XMC_SCU_INTERUPT_GetEventStatus
 .text.XMC_SCU_INTERRUPT_ClearEventStatus
                0x0000000008000e3c       0x20 lib_build/xmc4_scu.o
                0x0000000008000e3c                XMC_SCU_INTERRUPT_ClearEventStatus
 .text.XMC_SCU_GetBootMode
                0x0000000008000e5c       0x1c lib_build/xmc4_scu.o
                0x0000000008000e5c                XMC_SCU_GetBootMode
 .text.XMC_SCU_SetBootMode
                0x0000000008000e78       0x20 lib_build/xmc4_scu.o
                0x0000000008000e78                XMC_SCU_SetBootMode
 .text.XMC_SCU_ReadGPR
                0x0000000008000e98       0x24 lib_build/xmc4_scu.o
                0x0000000008000e98                XMC_SCU_ReadGPR
 .text.XMC_SCU_WriteGPR
                0x0000000008000ebc       0x28 lib_build/xmc4_scu.o
                0x0000000008000ebc                XMC_SCU_WriteGPR
 .text.XMC_SCU_EnableOutOfRangeComparator
                0x0000000008000ee4       0x38 lib_build/xmc4_scu.o
                0x0000000008000ee4                XMC_SCU_EnableOutOfRangeComparator
 .text.XMC_SCU_DisableOutOfRangeComparator
                0x0000000008000f1c       0x3c lib_build/xmc4_scu.o
                0x0000000008000f1c                XMC_SCU_DisableOutOfRangeComparator
 .text.XMC_SCU_CalibrateTemperatureSensor
                0x0000000008000f58       0x30 lib_build/xmc4_scu.o
                0x0000000008000f58                XMC_SCU_CalibrateTemperatureSensor
 .text.XMC_SCU_EnableTemperatureSensor
                0x0000000008000f88       0x24 lib_build/xmc4_scu.o
                0x0000000008000f88                XMC_SCU_EnableTemperatureSensor
 .text.XMC_SCU_DisableTemperatureSensor
                0x0000000008000fac       0x24 lib_build/xmc4_scu.o
                0x0000000008000fac                XMC_SCU_DisableTemperatureSensor
 .text.XMC_SCU_IsTemperatureSensorEnabled
                0x0000000008000fd0       0x28 lib_build/xmc4_scu.o
                0x0000000008000fd0                XMC_SCU_IsTemperatureSensorEnabled
 .text.XMC_SCU_IsTemperatureSensorReady
                0x0000000008000ff8       0x28 lib_build/xmc4_scu.o
                0x0000000008000ff8                XMC_SCU_IsTemperatureSensorReady
 .text.XMC_SCU_StartTemperatureMeasurement
                0x0000000008001020       0x4c lib_build/xmc4_scu.o
                0x0000000008001020                XMC_SCU_StartTemperatureMeasurement
 .text.XMC_SCU_GetTemperatureMeasurement
                0x000000000800106c       0x38 lib_build/xmc4_scu.o
                0x000000000800106c                XMC_SCU_GetTemperatureMeasurement
 .text.XMC_SCU_IsTemperatureSensorBusy
                0x00000000080010a4       0x28 lib_build/xmc4_scu.o
                0x00000000080010a4                XMC_SCU_IsTemperatureSensorBusy
 .text.XMC_SCU_WriteToRetentionMemory
                0x00000000080010cc       0x50 lib_build/xmc4_scu.o
                0x00000000080010cc                XMC_SCU_WriteToRetentionMemory
 .text.XMC_SCU_ReadFromRetentionMemory
                0x000000000800111c       0x48 lib_build/xmc4_scu.o
                0x000000000800111c                XMC_SCU_ReadFromRetentionMemory
 .text.XMC_SCU_CLOCK_Init
                0x0000000008001164       0xe6 lib_build/xmc4_scu.o
                0x0000000008001164                XMC_SCU_CLOCK_Init
 *fill*         0x000000000800124a        0x2 
 .text.XMC_SCU_TRAP_Enable
                0x000000000800124c       0x28 lib_build/xmc4_scu.o
                0x000000000800124c                XMC_SCU_TRAP_Enable
 .text.XMC_SCU_TRAP_Disable
                0x0000000008001274       0x24 lib_build/xmc4_scu.o
                0x0000000008001274                XMC_SCU_TRAP_Disable
 .text.XMC_SCU_TRAP_GetStatus
                0x0000000008001298       0x18 lib_build/xmc4_scu.o
                0x0000000008001298                XMC_SCU_TRAP_GetStatus
 .text.XMC_SCU_TRAP_Trigger
                0x00000000080012b0       0x20 lib_build/xmc4_scu.o
                0x00000000080012b0                XMC_SCU_TRAP_Trigger
 .text.XMC_SCU_TRAP_ClearStatus
                0x00000000080012d0       0x20 lib_build/xmc4_scu.o
                0x00000000080012d0                XMC_SCU_TRAP_ClearStatus
 .text.XMC_SCU_PARITY_ClearStatus
                0x00000000080012f0       0x24 lib_build/xmc4_scu.o
                0x00000000080012f0                XMC_SCU_PARITY_ClearStatus
 .text.XMC_SCU_PARITY_GetStatus
                0x0000000008001314       0x18 lib_build/xmc4_scu.o
                0x0000000008001314                XMC_SCU_PARITY_GetStatus
 .text.XMC_SCU_PARITY_Enable
                0x000000000800132c       0x24 lib_build/xmc4_scu.o
                0x000000000800132c                XMC_SCU_PARITY_Enable
 .text.XMC_SCU_PARITY_Disable
                0x0000000008001350       0x28 lib_build/xmc4_scu.o
                0x0000000008001350                XMC_SCU_PARITY_Disable
 .text.XMC_SCU_PARITY_EnableTrapGeneration
                0x0000000008001378       0x24 lib_build/xmc4_scu.o
                0x0000000008001378                XMC_SCU_PARITY_EnableTrapGeneration
 .text.XMC_SCU_PARITY_DisableTrapGeneration
                0x000000000800139c       0x28 lib_build/xmc4_scu.o
                0x000000000800139c                XMC_SCU_PARITY_DisableTrapGeneration
 .text.XMC_SCU_INTERRUPT_EnableNmiRequest
                0x00000000080013c4       0x24 lib_build/xmc4_scu.o
                0x00000000080013c4                XMC_SCU_INTERRUPT_EnableNmiRequest
 .text.XMC_SCU_INTERRUPT_DisableNmiRequest
                0x00000000080013e8       0x28 lib_build/xmc4_scu.o
                0x00000000080013e8                XMC_SCU_INTERRUPT_DisableNmiRequest
 .text.XMC_SCU_RESET_AssertPeripheralReset
                0x0000000008001410       0x3c lib_build/xmc4_scu.o
                0x0000000008001410                XMC_SCU_RESET_AssertPeripheralReset
 .text.XMC_SCU_RESET_DeassertPeripheralReset
                0x000000000800144c       0x3c lib_build/xmc4_scu.o
                0x000000000800144c                XMC_SCU_RESET_DeassertPeripheralReset
 .text.XMC_SCU_RESET_IsPeripheralResetAsserted
                0x0000000008001488       0x48 lib_build/xmc4_scu.o
                0x0000000008001488                XMC_SCU_RESET_IsPeripheralResetAsserted
 .text.XMC_SCU_CLOCK_GetSystemPllClockFrequency
                0x00000000080014d0       0x7c lib_build/xmc4_scu.o
                0x00000000080014d0                XMC_SCU_CLOCK_GetSystemPllClockFrequency
 .text.XMC_SCU_CLOCK_GetSystemPllClockSourceFrequency
                0x000000000800154c       0x30 lib_build/xmc4_scu.o
                0x000000000800154c                XMC_SCU_CLOCK_GetSystemPllClockSourceFrequency
 .text.XMC_SCU_CLOCK_GetUsbPllClockFrequency
                0x000000000800157c       0x54 lib_build/xmc4_scu.o
                0x000000000800157c                XMC_SCU_CLOCK_GetUsbPllClockFrequency
 .text.XMC_SCU_CLOCK_GetCcuClockFrequency
                0x00000000080015d0       0x2c lib_build/xmc4_scu.o
                0x00000000080015d0                XMC_SCU_CLOCK_GetCcuClockFrequency
 .text.XMC_SCU_CLOCK_GetUsbClockFrequency
                0x00000000080015fc       0x48 lib_build/xmc4_scu.o
                0x00000000080015fc                XMC_SCU_CLOCK_GetUsbClockFrequency
 .text.XMC_SCU_CLOCK_GetEbuClockFrequency
                0x0000000008001644       0x28 lib_build/xmc4_scu.o
                0x0000000008001644                XMC_SCU_CLOCK_GetEbuClockFrequency
 .text.XMC_SCU_CLOCK_GetWdtClockFrequency
                0x000000000800166c       0x58 lib_build/xmc4_scu.o
                0x000000000800166c                XMC_SCU_CLOCK_GetWdtClockFrequency
 .text.XMC_SCU_CLOCK_GetExternalOutputClockFrequency
                0x00000000080016c4       0x70 lib_build/xmc4_scu.o
                0x00000000080016c4                XMC_SCU_CLOCK_GetExternalOutputClockFrequency
 .text.XMC_SCU_CLOCK_GetPeripheralClockFrequency
                0x0000000008001734       0x20 lib_build/xmc4_scu.o
                0x0000000008001734                XMC_SCU_CLOCK_GetPeripheralClockFrequency
 .text.XMC_SCU_CLOCK_SetSystemClockSource
                0x0000000008001754       0x28 lib_build/xmc4_scu.o
                0x0000000008001754                XMC_SCU_CLOCK_SetSystemClockSource
 .text.XMC_SCU_CLOCK_SetUsbClockSource
                0x000000000800177c       0x28 lib_build/xmc4_scu.o
                0x000000000800177c                XMC_SCU_CLOCK_SetUsbClockSource
 .text.XMC_SCU_CLOCK_SetWdtClockSource
                0x00000000080017a4       0x28 lib_build/xmc4_scu.o
                0x00000000080017a4                XMC_SCU_CLOCK_SetWdtClockSource
 .text.XMC_SCU_CLOCK_SetExternalOutputClockSource
                0x00000000080017cc       0x2c lib_build/xmc4_scu.o
                0x00000000080017cc                XMC_SCU_CLOCK_SetExternalOutputClockSource
 .text.XMC_SCU_CLOCK_SetSystemPllClockSource
                0x00000000080017f8       0x44 lib_build/xmc4_scu.o
                0x00000000080017f8                XMC_SCU_CLOCK_SetSystemPllClockSource
 .text.XMC_SCU_HIB_SetRtcClockSource
                0x000000000800183c       0x40 lib_build/xmc4_scu.o
                0x000000000800183c                XMC_SCU_HIB_SetRtcClockSource
 .text.XMC_SCU_HIB_SetStandbyClockSource
                0x000000000800187c       0x40 lib_build/xmc4_scu.o
                0x000000000800187c                XMC_SCU_HIB_SetStandbyClockSource
 .text.XMC_SCU_CLOCK_SetSystemClockDivider
                0x00000000080018bc       0x2c lib_build/xmc4_scu.o
                0x00000000080018bc                XMC_SCU_CLOCK_SetSystemClockDivider
 .text.XMC_SCU_CLOCK_SetCcuClockDivider
                0x00000000080018e8       0x2c lib_build/xmc4_scu.o
                0x00000000080018e8                XMC_SCU_CLOCK_SetCcuClockDivider
 .text.XMC_SCU_CLOCK_SetCpuClockDivider
                0x0000000008001914       0x2c lib_build/xmc4_scu.o
                0x0000000008001914                XMC_SCU_CLOCK_SetCpuClockDivider
 .text.XMC_SCU_CLOCK_SetPeripheralClockDivider
                0x0000000008001940       0x2c lib_build/xmc4_scu.o
                0x0000000008001940                XMC_SCU_CLOCK_SetPeripheralClockDivider
 .text.XMC_SCU_CLOCK_SetUsbClockDivider
                0x000000000800196c       0x2c lib_build/xmc4_scu.o
                0x000000000800196c                XMC_SCU_CLOCK_SetUsbClockDivider
 .text.XMC_SCU_CLOCK_SetEbuClockDivider
                0x0000000008001998       0x2c lib_build/xmc4_scu.o
                0x0000000008001998                XMC_SCU_CLOCK_SetEbuClockDivider
 .text.XMC_SCU_CLOCK_SetWdtClockDivider
                0x00000000080019c4       0x2c lib_build/xmc4_scu.o
                0x00000000080019c4                XMC_SCU_CLOCK_SetWdtClockDivider
 .text.XMC_SCU_CLOCK_SetExternalOutputClockDivider
                0x00000000080019f0       0x30 lib_build/xmc4_scu.o
                0x00000000080019f0                XMC_SCU_CLOCK_SetExternalOutputClockDivider
 .text.XMC_SCU_CLOCK_EnableClock
                0x0000000008001a20       0x20 lib_build/xmc4_scu.o
                0x0000000008001a20                XMC_SCU_CLOCK_EnableClock
 .text.XMC_SCU_CLOCK_DisableClock
                0x0000000008001a40       0x20 lib_build/xmc4_scu.o
                0x0000000008001a40                XMC_SCU_CLOCK_DisableClock
 .text.XMC_SCU_CLOCK_IsClockEnabled
                0x0000000008001a60       0x2c lib_build/xmc4_scu.o
                0x0000000008001a60                XMC_SCU_CLOCK_IsClockEnabled
 .text.XMC_SCU_POWER_GetEVR13Voltage
                0x0000000008001a8c       0x30 lib_build/xmc4_scu.o
                0x0000000008001a8c                XMC_SCU_POWER_GetEVR13Voltage
 .text.XMC_SCU_POWER_GetEVR33Voltage
                0x0000000008001abc       0x34 lib_build/xmc4_scu.o
                0x0000000008001abc                XMC_SCU_POWER_GetEVR33Voltage
 .text.XMC_SCU_CLOCK_EnableUsbPll
                0x0000000008001af0       0x24 lib_build/xmc4_scu.o
                0x0000000008001af0                XMC_SCU_CLOCK_EnableUsbPll
 .text.XMC_SCU_CLOCK_DisableUsbPll
                0x0000000008001b14       0x24 lib_build/xmc4_scu.o
                0x0000000008001b14                XMC_SCU_CLOCK_DisableUsbPll
 .text.XMC_SCU_CLOCK_StartUsbPll
                0x0000000008001b38       0x78 lib_build/xmc4_scu.o
                0x0000000008001b38                XMC_SCU_CLOCK_StartUsbPll
 .text.XMC_SCU_CLOCK_StopUsbPll
                0x0000000008001bb0       0x1c lib_build/xmc4_scu.o
                0x0000000008001bb0                XMC_SCU_CLOCK_StopUsbPll
 .text.XMC_SCU_CLOCK_SetBackupClockCalibrationMode
                0x0000000008001bcc       0x4c lib_build/xmc4_scu.o
                0x0000000008001bcc                XMC_SCU_CLOCK_SetBackupClockCalibrationMode
 .text.XMC_SCU_POWER_EnableUsb
                0x0000000008001c18       0x1c lib_build/xmc4_scu.o
                0x0000000008001c18                XMC_SCU_POWER_EnableUsb
 .text.XMC_SCU_POWER_DisableUsb
                0x0000000008001c34       0x1c lib_build/xmc4_scu.o
                0x0000000008001c34                XMC_SCU_POWER_DisableUsb
 .text.XMC_SCU_CLOCK_IsUsbPllLocked
                0x0000000008001c50       0x24 lib_build/xmc4_scu.o
                0x0000000008001c50                XMC_SCU_CLOCK_IsUsbPllLocked
 .text.XMC_SCU_HIB_EnableHibernateDomain
                0x0000000008001c74       0x58 lib_build/xmc4_scu.o
                0x0000000008001c74                XMC_SCU_HIB_EnableHibernateDomain
 .text.XMC_SCU_HIB_DisableHibernateDomain
                0x0000000008001ccc       0x24 lib_build/xmc4_scu.o
                0x0000000008001ccc                XMC_SCU_HIB_DisableHibernateDomain
 .text.XMC_SCU_HIB_IsHibernateDomainEnabled
                0x0000000008001cf0       0x3c lib_build/xmc4_scu.o
                0x0000000008001cf0                XMC_SCU_HIB_IsHibernateDomainEnabled
 .text.XMC_SCU_HIB_EnableInternalSlowClock
                0x0000000008001d2c       0x34 lib_build/xmc4_scu.o
                0x0000000008001d2c                XMC_SCU_HIB_EnableInternalSlowClock
 .text.XMC_SCU_HIB_DisableInternalSlowClock
                0x0000000008001d60       0x34 lib_build/xmc4_scu.o
                0x0000000008001d60                XMC_SCU_HIB_DisableInternalSlowClock
 .text.XMC_SCU_HIB_ClearEventStatus
                0x0000000008001d94       0x34 lib_build/xmc4_scu.o
                0x0000000008001d94                XMC_SCU_HIB_ClearEventStatus
 .text.XMC_SCU_HIB_TriggerEvent
                0x0000000008001dc8       0x34 lib_build/xmc4_scu.o
                0x0000000008001dc8                XMC_SCU_HIB_TriggerEvent
 .text.XMC_SCU_HIB_EnableEvent
                0x0000000008001dfc       0x38 lib_build/xmc4_scu.o
                0x0000000008001dfc                XMC_SCU_HIB_EnableEvent
 .text.XMC_SCU_HIB_DisableEvent
                0x0000000008001e34       0x3c lib_build/xmc4_scu.o
                0x0000000008001e34                XMC_SCU_HIB_DisableEvent
 .text.XMC_SCU_HIB_EnterHibernateState
                0x0000000008001e70       0x34 lib_build/xmc4_scu.o
                0x0000000008001e70                XMC_SCU_HIB_EnterHibernateState
 .text.XMC_SCU_HIB_EnterHibernateStateEx
                0x0000000008001ea4       0x1c lib_build/xmc4_scu.o
                0x0000000008001ea4                XMC_SCU_HIB_EnterHibernateStateEx
 .text.XMC_SCU_HIB_SetWakeupTriggerInput
                0x0000000008001ec0       0x50 lib_build/xmc4_scu.o
                0x0000000008001ec0                XMC_SCU_HIB_SetWakeupTriggerInput
 .text.XMC_SCU_HIB_SetPinMode
                0x0000000008001f10       0x54 lib_build/xmc4_scu.o
                0x0000000008001f10                XMC_SCU_HIB_SetPinMode
 .text.XMC_SCU_HIB_SetPinOutputLevel
                0x0000000008001f64       0x58 lib_build/xmc4_scu.o
                0x0000000008001f64                XMC_SCU_HIB_SetPinOutputLevel
 .text.XMC_SCU_HIB_SetInput0
                0x0000000008001fbc       0x50 lib_build/xmc4_scu.o
                0x0000000008001fbc                XMC_SCU_HIB_SetInput0
 .text.XMC_SCU_HIB_SetSR0Input
                0x000000000800200c       0x40 lib_build/xmc4_scu.o
                0x000000000800200c                XMC_SCU_HIB_SetSR0Input
 .text.XMC_SCU_CLOCK_IsLowPowerOscillatorStable
                0x000000000800204c       0x24 lib_build/xmc4_scu.o
                0x000000000800204c                XMC_SCU_CLOCK_IsLowPowerOscillatorStable
 .text.XMC_SCU_CLOCK_EnableLowPowerOscillator
                0x0000000008002070       0x6c lib_build/xmc4_scu.o
                0x0000000008002070                XMC_SCU_CLOCK_EnableLowPowerOscillator
 .text.XMC_SCU_CLOCK_DisableLowPowerOscillator
                0x00000000080020dc       0x34 lib_build/xmc4_scu.o
                0x00000000080020dc                XMC_SCU_CLOCK_DisableLowPowerOscillator
 .text.XMC_SCU_CLOCK_EnableLowPowerOscillatorGeneralPurposeInput
                0x0000000008002110       0x34 lib_build/xmc4_scu.o
                0x0000000008002110                XMC_SCU_CLOCK_EnableLowPowerOscillatorGeneralPurposeInput
 .text.XMC_SCU_CLOCK_DisableLowPowerOscillatorGeneralPurposeInput
                0x0000000008002144       0x38 lib_build/xmc4_scu.o
                0x0000000008002144                XMC_SCU_CLOCK_DisableLowPowerOscillatorGeneralPurposeInput
 .text.XMC_SCU_CLOCK_GetLowPowerOscillatorGeneralPurposeInputStatus
                0x000000000800217c       0x1c lib_build/xmc4_scu.o
                0x000000000800217c                XMC_SCU_CLOCK_GetLowPowerOscillatorGeneralPurposeInputStatus
 .text.XMC_SCU_CLOCK_EnableHighPerformanceOscillator
                0x0000000008002198       0x50 lib_build/xmc4_scu.o
                0x0000000008002198                XMC_SCU_CLOCK_EnableHighPerformanceOscillator
 .text.XMC_SCU_CLOCK_IsHighPerformanceOscillatorStable
                0x00000000080021e8       0x28 lib_build/xmc4_scu.o
                0x00000000080021e8                XMC_SCU_CLOCK_IsHighPerformanceOscillatorStable
 .text.XMC_SCU_CLOCK_DisableHighPerformanceOscillator
                0x0000000008002210       0x20 lib_build/xmc4_scu.o
                0x0000000008002210                XMC_SCU_CLOCK_DisableHighPerformanceOscillator
 .text.XMC_SCU_CLOCK_EnableHighPerformanceOscillatorGeneralPurposeInput
                0x0000000008002230       0x20 lib_build/xmc4_scu.o
                0x0000000008002230                XMC_SCU_CLOCK_EnableHighPerformanceOscillatorGeneralPurposeInput
 .text.XMC_SCU_CLOCK_DisableHighPerformanceOscillatorGeneralPurposeInput
                0x0000000008002250       0x20 lib_build/xmc4_scu.o
                0x0000000008002250                XMC_SCU_CLOCK_DisableHighPerformanceOscillatorGeneralPurposeInput
 .text.XMC_SCU_CLOCK_GetHighPerformanceOscillatorGeneralPurposeInputStatus
                0x0000000008002270       0x1c lib_build/xmc4_scu.o
                0x0000000008002270                XMC_SCU_CLOCK_GetHighPerformanceOscillatorGeneralPurposeInputStatus
 .text.XMC_SCU_CLOCK_EnableSystemPll
                0x000000000800228c       0x24 lib_build/xmc4_scu.o
                0x000000000800228c                XMC_SCU_CLOCK_EnableSystemPll
 .text.XMC_SCU_CLOCK_DisableSystemPll
                0x00000000080022b0       0x24 lib_build/xmc4_scu.o
                0x00000000080022b0                XMC_SCU_CLOCK_DisableSystemPll
 .text.XMC_SCU_CLOCK_StartSystemPll
                0x00000000080022d4      0x178 lib_build/xmc4_scu.o
                0x00000000080022d4                XMC_SCU_CLOCK_StartSystemPll
 .text.XMC_SCU_CLOCK_StopSystemPll
                0x000000000800244c       0x20 lib_build/xmc4_scu.o
                0x000000000800244c                XMC_SCU_CLOCK_StopSystemPll
 .text.XMC_SCU_CLOCK_StepSystemPllFrequency
                0x000000000800246c       0x30 lib_build/xmc4_scu.o
                0x000000000800246c                XMC_SCU_CLOCK_StepSystemPllFrequency
 .text.XMC_SCU_CLOCK_IsSystemPllLocked
                0x000000000800249c       0x24 lib_build/xmc4_scu.o
                0x000000000800249c                XMC_SCU_CLOCK_IsSystemPllLocked
 .text.XMC_SCU_INTERRUPT_SetEventHandler
                0x00000000080024c0       0x58 lib_build/xmc4_scu.o
                0x00000000080024c0                XMC_SCU_INTERRUPT_SetEventHandler
 .text.XMC_SCU_IRQHandler
                0x0000000008002518       0x64 lib_build/xmc4_scu.o
                0x0000000008002518                XMC_SCU_IRQHandler
 .text          0x000000000800257c        0x0 lib_build/startup_XMC4500.o
 .text          0x000000000800257c        0x0 lib_build/system_XMC4500.o
 .text.delay    0x000000000800257c       0x2c lib_build/system_XMC4500.o
 .text.SystemInit
                0x00000000080025a8       0x24 lib_build/system_XMC4500.o
                0x00000000080025a8                SystemInit
 .text.SystemCoreSetup
                0x00000000080025cc       0x74 lib_build/system_XMC4500.o
                0x00000000080025cc                SystemCoreSetup
 .text.SystemCoreClockSetup
                0x0000000008002640      0x208 lib_build/system_XMC4500.o
                0x0000000008002640                SystemCoreClockSetup
 .text.SystemCoreClockUpdate
                0x0000000008002848       0xd4 lib_build/system_XMC4500.o
                0x0000000008002848                SystemCoreClockUpdate
 .text.OSCHP_GetFrequency
                0x000000000800291c       0x14 lib_build/system_XMC4500.o
                0x000000000800291c                OSCHP_GetFrequency
 .text          0x0000000008002930        0x0 lib_build/syscalls.o
 .text._sbrk    0x0000000008002930       0x68 lib_build/syscalls.o
                0x0000000008002930                _sbrk
 .text._init    0x0000000008002998        0xe lib_build/syscalls.o
                0x0000000008002998                _init
 .text          0x00000000080029a6        0x0 /nas/ei/share/tools/gcc/gcc-arm/gcc-arm-none-eabi-10.3-2021.10/bin/../lib/gcc/arm-none-eabi/10.3.1/../../../../arm-none-eabi/lib/thumb/v7e-m/nofp/libg.a(lib_a-errno.o)
 *fill*         0x00000000080029a6        0x2 
 .text.__errno  0x00000000080029a8        0xc /nas/ei/share/tools/gcc/gcc-arm/gcc-arm-none-eabi-10.3-2021.10/bin/../lib/gcc/arm-none-eabi/10.3.1/../../../../arm-none-eabi/lib/thumb/v7e-m/nofp/libg.a(lib_a-errno.o)
                0x00000000080029a8                __errno
 .text          0x00000000080029b4        0x0 /nas/ei/share/tools/gcc/gcc-arm/gcc-arm-none-eabi-10.3-2021.10/bin/../lib/gcc/arm-none-eabi/10.3.1/../../../../arm-none-eabi/lib/thumb/v7e-m/nofp/libg.a(lib_a-impure.o)
 .text          0x00000000080029b4        0x0 /nas/ei/share/tools/gcc/gcc-arm/gcc-arm-none-eabi-10.3-2021.10/bin/../lib/gcc/arm-none-eabi/10.3.1/../../../../arm-none-eabi/lib/thumb/v7e-m/nofp/libg.a(lib_a-init.o)
 .text.__libc_init_array
                0x00000000080029b4       0x48 /nas/ei/share/tools/gcc/gcc-arm/gcc-arm-none-eabi-10.3-2021.10/bin/../lib/gcc/arm-none-eabi/10.3.1/../../../../arm-none-eabi/lib/thumb/v7e-m/nofp/libg.a(lib_a-init.o)
                0x00000000080029b4                __libc_init_array
 .text          0x00000000080029fc      0x134 /nas/ei/share/tools/gcc/gcc-arm/gcc-arm-none-eabi-10.3-2021.10/bin/../lib/gcc/arm-none-eabi/10.3.1/../../../../arm-none-eabi/lib/thumb/v7e-m/nofp/libg.a(lib_a-memcpy.o)
                0x00000000080029fc                memcpy
 *(.init)
 *(.fini)
 *crtbegin.o(.ctors)
 *crtbegin?.o(.ctors)
 *(EXCLUDE_FILE(*crtend.o *crtend?.o) .ctors)
 *(SORT_BY_NAME(.ctors.*))
 *(.ctors)
 *crtbegin.o(.dtors)
 *crtbegin?.o(.dtors)
 *(EXCLUDE_FILE(*crtend.o *crtend?.o) .dtors)
 *(SORT_BY_NAME(.dtors.*))
 *(.dtors)
 *(.rodata .rodata.*)
 .rodata        0x0000000008002b30       0x5f build/example_project.o
 *fill*         0x0000000008002b8f        0x1 
 .rodata._global_impure_ptr
                0x0000000008002b90        0x4 /nas/ei/share/tools/gcc/gcc-arm/gcc-arm-none-eabi-10.3-2021.10/bin/../lib/gcc/arm-none-eabi/10.3.1/../../../../arm-none-eabi/lib/thumb/v7e-m/nofp/libg.a(lib_a-impure.o)
                0x0000000008002b90                _global_impure_ptr
 *(.gnu.linkonce.r*)
 *(vtable)
                0x0000000008002b94                . = ALIGN (0x4)

.glue_7         0x0000000008002b94        0x0 load address 0x000000000c002b94
 .glue_7        0x0000000008002b94        0x0 linker stubs

.glue_7t        0x0000000008002b94        0x0 load address 0x000000000c002b94
 .glue_7t       0x0000000008002b94        0x0 linker stubs

.vfp11_veneer   0x0000000008002b94        0x0 load address 0x000000000c002b94
 .vfp11_veneer  0x0000000008002b94        0x0 linker stubs

.v4_bx          0x0000000008002b94        0x0 load address 0x000000000c002b94
 .v4_bx         0x0000000008002b94        0x0 linker stubs

.iplt           0x0000000008002b94        0x0 load address 0x000000000c002b94
 .iplt          0x0000000008002b94        0x0 build/example_project.o

.rel.dyn        0x0000000008002b94        0x0 load address 0x000000000c002b94
 .rel.iplt      0x0000000008002b94        0x0 build/example_project.o

.eh_frame_hdr
 *(.eh_frame_hdr)

.eh_frame
 *(.eh_frame)

.ARM.extab
 *(.ARM.extab* .gnu.linkonce.armextab.*)
                0x0000000008002b94                . = ALIGN (0x4)
                0x0000000008002b94                __exidx_start = .

.ARM.exidx
 *(.ARM.exidx* .gnu.linkonce.armexidx.*)
                0x0000000008002b94                __exidx_end = .
                0x0000000008002b94                . = ALIGN (0x4)

Stack           0x0000000010000000      0x800
                0x0000000010000000                __stack_start = .
                0x0000000010000800                . = (. + stack_size)
 *fill*         0x0000000010000000      0x800 
                0x0000000010000800                __stack_end = .
                0x0000000010000800                __initial_sp = .

.ram_code       0x0000000010000800        0x0 load address 0x000000000c002b94
                0x0000000010000800                . = ALIGN (0x4)
                0x0000000010000800                __ram_code_start = .
 *(.ram_code)
                0x0000000010000800                . = ALIGN (0x4)
                0x0000000010000800                __ram_code_end = .
                0x000000000c002b94                __ram_code_load = LOADADDR (.ram_code)
                0x0000000000000000                __ram_code_size = (__ram_code_end - __ram_code_start)

PSRAM_DATA      0x0000000010000800        0x0 load address 0x000000000c002b94
                0x0000000010000800                . = ALIGN (0x4)
                0x0000000010000800                __data3_start = .
 *(PSRAM_DATA)
                0x0000000010000800                . = ALIGN (0x4)
                0x0000000010000800                __data3_end = .
                0x000000000c002b94                __data3_load = LOADADDR (PSRAM_DATA)
                0x0000000000000000                __data3_size = (__data3_end - __data3_start)

PSRAM_BSS       0x0000000010000800        0x0 load address 0x000000000c002b94
                0x0000000010000800                . = ALIGN (0x4)
                0x0000000010000800                __bss3_start = .
 *(PSRAM_BSS)
                0x0000000010000800                . = ALIGN (0x4)
                0x0000000010000800                __bss3_end = .
                0x0000000010000800                . = ALIGN (0x8)
                0x0000000010000800                Heap_Bank3_Start = .
                0x0000000000000000                __bss3_size = (__bss3_end - __bss3_start)

.data           0x0000000020000000      0x430 load address 0x000000000c002b94
                0x0000000020000000                . = ALIGN (0x4)
                0x0000000020000000                __data_start = .
 *(.data)
 .data          0x0000000020000000        0x4 build/example_project.o
                0x0000000020000000                counterTMS
 .data          0x0000000020000004        0x0 lib_build/xmc_gpio.o
 .data          0x0000000020000004        0x0 lib_build/xmc4_gpio.o
 .data          0x0000000020000004        0x0 lib_build/xmc_rtc.o
 .data          0x0000000020000004        0x0 lib_build/xmc4_rtc.o
 .data          0x0000000020000004        0x0 lib_build/xmc4_scu.o
 .data          0x0000000020000004        0x0 lib_build/startup_XMC4500.o
 .data          0x0000000020000004        0x0 lib_build/system_XMC4500.o
 .data          0x0000000020000004        0x0 lib_build/syscalls.o
 .data          0x0000000020000004        0x0 /nas/ei/share/tools/gcc/gcc-arm/gcc-arm-none-eabi-10.3-2021.10/bin/../lib/gcc/arm-none-eabi/10.3.1/../../../../arm-none-eabi/lib/thumb/v7e-m/nofp/libg.a(lib_a-errno.o)
 .data          0x0000000020000004        0x0 /nas/ei/share/tools/gcc/gcc-arm/gcc-arm-none-eabi-10.3-2021.10/bin/../lib/gcc/arm-none-eabi/10.3.1/../../../../arm-none-eabi/lib/thumb/v7e-m/nofp/libg.a(lib_a-impure.o)
 .data          0x0000000020000004        0x0 /nas/ei/share/tools/gcc/gcc-arm/gcc-arm-none-eabi-10.3-2021.10/bin/../lib/gcc/arm-none-eabi/10.3.1/../../../../arm-none-eabi/lib/thumb/v7e-m/nofp/libg.a(lib_a-init.o)
 .data          0x0000000020000004        0x0 /nas/ei/share/tools/gcc/gcc-arm/gcc-arm-none-eabi-10.3-2021.10/bin/../lib/gcc/arm-none-eabi/10.3.1/../../../../arm-none-eabi/lib/thumb/v7e-m/nofp/libg.a(lib_a-memcpy.o)
 *(.data*)
 .data._impure_ptr
                0x0000000020000004        0x4 /nas/ei/share/tools/gcc/gcc-arm/gcc-arm-none-eabi-10.3-2021.10/bin/../lib/gcc/arm-none-eabi/10.3.1/../../../../arm-none-eabi/lib/thumb/v7e-m/nofp/libg.a(lib_a-impure.o)
                0x0000000020000004                _impure_ptr
 .data.impure_data
                0x0000000020000008      0x428 /nas/ei/share/tools/gcc/gcc-arm/gcc-arm-none-eabi-10.3-2021.10/bin/../lib/gcc/arm-none-eabi/10.3.1/../../../../arm-none-eabi/lib/thumb/v7e-m/nofp/libg.a(lib_a-impure.o)
 *(*.data)
 *(.gnu.linkonce.d*)
                0x0000000020000430                . = ALIGN (0x4)
                0x0000000020000430                PROVIDE (__preinit_array_start = .)
 *(.preinit_array)
                0x0000000020000430                PROVIDE (__preinit_array_end = .)
                0x0000000020000430                . = ALIGN (0x4)
                0x0000000020000430                PROVIDE (__init_array_start = .)
 *(SORT_BY_NAME(.init_array.*))
 *(.init_array)
                0x0000000020000430                PROVIDE (__init_array_end = .)
                0x0000000020000430                . = ALIGN (0x4)
                [!provide]                        PROVIDE (__fini_array_start = .)
 *(SORT_BY_NAME(.fini_array.*))
 *(.fini_array)
                [!provide]                        PROVIDE (__fini_array_end = .)
                0x0000000020000430                . = ALIGN (0x4)
                0x0000000020000430                __data_end = .
                0x000000000c002b94                __data_load = LOADADDR (.data)
                0x0000000000000430                __data_size = (__data_end - __data_start)

.igot.plt       0x0000000020000430        0x0 load address 0x000000000c002fc4
 .igot.plt      0x0000000020000430        0x0 build/example_project.o

.bss            0x0000000020000430       0x90 load address 0x000000000c002fc4
                0x0000000020000430                . = ALIGN (0x4)
                0x0000000020000430                __bss_start = .
 *(.bss)
 .bss           0x0000000020000430        0x4 build/example_project.o
                0x0000000020000430                letterCounter
 .bss           0x0000000020000434        0x0 lib_build/xmc_gpio.o
 .bss           0x0000000020000434        0x0 lib_build/xmc4_gpio.o
 .bss           0x0000000020000434        0x0 lib_build/xmc_rtc.o
 .bss           0x0000000020000434        0x0 lib_build/xmc4_rtc.o
 .bss           0x0000000020000434       0x80 lib_build/xmc4_scu.o
                0x0000000020000434                event_handler_list
 .bss           0x00000000200004b4        0x0 lib_build/startup_XMC4500.o
 .bss           0x00000000200004b4        0x0 lib_build/system_XMC4500.o
 .bss           0x00000000200004b4        0x8 lib_build/syscalls.o
                0x00000000200004b4                __dso_handle
 .bss           0x00000000200004bc        0x0 /nas/ei/share/tools/gcc/gcc-arm/gcc-arm-none-eabi-10.3-2021.10/bin/../lib/gcc/arm-none-eabi/10.3.1/../../../../arm-none-eabi/lib/thumb/v7e-m/nofp/libg.a(lib_a-errno.o)
 .bss           0x00000000200004bc        0x0 /nas/ei/share/tools/gcc/gcc-arm/gcc-arm-none-eabi-10.3-2021.10/bin/../lib/gcc/arm-none-eabi/10.3.1/../../../../arm-none-eabi/lib/thumb/v7e-m/nofp/libg.a(lib_a-impure.o)
 .bss           0x00000000200004bc        0x0 /nas/ei/share/tools/gcc/gcc-arm/gcc-arm-none-eabi-10.3-2021.10/bin/../lib/gcc/arm-none-eabi/10.3.1/../../../../arm-none-eabi/lib/thumb/v7e-m/nofp/libg.a(lib_a-init.o)
 .bss           0x00000000200004bc        0x0 /nas/ei/share/tools/gcc/gcc-arm/gcc-arm-none-eabi-10.3-2021.10/bin/../lib/gcc/arm-none-eabi/10.3.1/../../../../arm-none-eabi/lib/thumb/v7e-m/nofp/libg.a(lib_a-memcpy.o)
 *(.bss*)
 *(COMMON)
 *(.gnu.linkonce.b*)
                0x00000000200004bc                . = ALIGN (0x4)
                0x00000000200004bc                __bss_end = .
                0x00000000200004c0                . = ALIGN (0x8)
 *fill*         0x00000000200004bc        0x4 
                0x00000000200004c0                Heap_Bank1_Start = .
                0x000000000000008c                __bss_size = (__bss_end - __bss_start)

.no_init        0x000000002000ffc0       0x14
                0x000000002000ffc0                Heap_Bank1_End = .
 *(.no_init)
 .no_init       0x000000002000ffc0       0x14 lib_build/system_XMC4500.o
                0x000000002000ffc0                SystemCoreClock
                0x000000002000ffc4                g_chipid

DSRAM2_DATA     0x0000000030000000        0x0 load address 0x000000000c002fc4
                0x0000000030000000                . = ALIGN (0x4)
                0x0000000030000000                __data2_start = .
 *(DSRAM2_DATA)
                0x0000000030000000                . = ALIGN (0x4)
                0x0000000030000000                __data2_end = .
                0x000000000c002fc4                __data2_load = LOADADDR (DSRAM2_DATA)
                0x0000000000000000                __data2_size = (__data2_end - __data2_start)
                0x0000000000002fc4                __text_size = (((((__exidx_end - sText) + __data_size) + __ram_code_size) + __data2_size) + __data3_size)
                0x0000000008002fc4                eText = (sText + __text_size)

DSRAM2_BSS      0x0000000030000000        0x0 load address 0x000000000c002fc4
                0x0000000030000000                . = ALIGN (0x4)
                0x0000000030000000                __bss2_start = .
 *(ETH_RAM)
 *(USB_RAM)
 *(DSRAM2_BSS)
                0x0000000030000000                . = ALIGN (0x4)
                0x0000000030000000                __bss2_end = .
                0x0000000030000000                . = ALIGN (0x8)
                0x0000000030000000                Heap_Bank2_Start = .
                0x0000000000000000                __bss2_size = (__bss2_end - __bss2_start)
                0x000000000000fb00                Heap_Bank1_Size = (Heap_Bank1_End - Heap_Bank1_Start)
                0x0000000000008000                Heap_Bank2_Size = (LENGTH (DSRAM_2_comm) - (Heap_Bank2_Start - ORIGIN (DSRAM_2_comm)))
                0x000000000000f800                Heap_Bank3_Size = (LENGTH (PSRAM_1) - (Heap_Bank3_Start - ORIGIN (PSRAM_1)))
                0x0000000000000001                ASSERT ((Heap_Bank1_Start <= Heap_Bank1_End), region SRAM_combined overflowed no_init section)

/DISCARD/
 *(.comment)

.stab
 *(.stab)

.stabstr
 *(.stabstr)

.debug
 *(.debug)

.line
 *(.line)

.debug_srcinfo
 *(.debug_srcinfo)

.debug_sfnames
 *(.debug_sfnames)

.debug_aranges  0x0000000000000000      0x5c0
 *(.debug_aranges)
 .debug_aranges
                0x0000000000000000       0x48 build/example_project.o
 .debug_aranges
                0x0000000000000048       0x28 lib_build/xmc_gpio.o
 .debug_aranges
                0x0000000000000070       0x28 lib_build/xmc4_gpio.o
 .debug_aranges
                0x0000000000000098       0x80 lib_build/xmc_rtc.o
 .debug_aranges
                0x0000000000000118       0x70 lib_build/xmc4_rtc.o
 .debug_aranges
                0x0000000000000188      0x3c8 lib_build/xmc4_scu.o
 .debug_aranges
                0x0000000000000550       0x48 lib_build/system_XMC4500.o
 .debug_aranges
                0x0000000000000598       0x28 lib_build/syscalls.o

.debug_pubnames
 *(.debug_pubnames)

.debug_pubtypes
 *(.debug_pubtypes)

.debug_info     0x0000000000000000     0x4f84
 *(.debug_info .gnu.linkonce.wi.*)
 .debug_info    0x0000000000000000      0xb54 build/example_project.o
 .debug_info    0x0000000000000b54      0x397 lib_build/xmc_gpio.o
 .debug_info    0x0000000000000eeb      0x42d lib_build/xmc4_gpio.o
 .debug_info    0x0000000000001318      0x856 lib_build/xmc_rtc.o
 .debug_info    0x0000000000001b6e      0x72e lib_build/xmc4_rtc.o
 .debug_info    0x000000000000229c     0x22a0 lib_build/xmc4_scu.o
 .debug_info    0x000000000000453c      0x927 lib_build/system_XMC4500.o
 .debug_info    0x0000000000004e63      0x121 lib_build/syscalls.o

.debug_abbrev   0x0000000000000000      0xe06
 *(.debug_abbrev)
 .debug_abbrev  0x0000000000000000      0x214 build/example_project.o
 .debug_abbrev  0x0000000000000214      0x130 lib_build/xmc_gpio.o
 .debug_abbrev  0x0000000000000344      0x130 lib_build/xmc4_gpio.o
 .debug_abbrev  0x0000000000000474      0x232 lib_build/xmc_rtc.o
 .debug_abbrev  0x00000000000006a6      0x1f0 lib_build/xmc4_rtc.o
 .debug_abbrev  0x0000000000000896      0x2cb lib_build/xmc4_scu.o
 .debug_abbrev  0x0000000000000b61      0x1d9 lib_build/system_XMC4500.o
 .debug_abbrev  0x0000000000000d3a       0xcc lib_build/syscalls.o

.debug_line     0x0000000000000000     0x4152
 *(.debug_line)
 .debug_line    0x0000000000000000      0x536 build/example_project.o
 .debug_line    0x0000000000000536      0x4c9 lib_build/xmc_gpio.o
 .debug_line    0x00000000000009ff      0x53f lib_build/xmc4_gpio.o
 .debug_line    0x0000000000000f3e      0x81a lib_build/xmc_rtc.o
 .debug_line    0x0000000000001758      0x738 lib_build/xmc4_rtc.o
 .debug_line    0x0000000000001e90     0x187e lib_build/xmc4_scu.o
 .debug_line    0x000000000000370e      0x690 lib_build/system_XMC4500.o
 .debug_line    0x0000000000003d9e      0x3b4 lib_build/syscalls.o

.debug_frame    0x0000000000000000     0x1750
 *(.debug_frame)
 .debug_frame   0x0000000000000000       0xec build/example_project.o
 .debug_frame   0x00000000000000ec       0x60 lib_build/xmc_gpio.o
 .debug_frame   0x000000000000014c       0x60 lib_build/xmc4_gpio.o
 .debug_frame   0x00000000000001ac      0x1dc lib_build/xmc_rtc.o
 .debug_frame   0x0000000000000388      0x180 lib_build/xmc4_rtc.o
 .debug_frame   0x0000000000000508     0x10c8 lib_build/xmc4_scu.o
 .debug_frame   0x00000000000015d0       0xe0 lib_build/system_XMC4500.o
 .debug_frame   0x00000000000016b0       0x54 lib_build/syscalls.o
 .debug_frame   0x0000000000001704       0x20 /nas/ei/share/tools/gcc/gcc-arm/gcc-arm-none-eabi-10.3-2021.10/bin/../lib/gcc/arm-none-eabi/10.3.1/../../../../arm-none-eabi/lib/thumb/v7e-m/nofp/libg.a(lib_a-errno.o)
 .debug_frame   0x0000000000001724       0x2c /nas/ei/share/tools/gcc/gcc-arm/gcc-arm-none-eabi-10.3-2021.10/bin/../lib/gcc/arm-none-eabi/10.3.1/../../../../arm-none-eabi/lib/thumb/v7e-m/nofp/libg.a(lib_a-init.o)

.debug_str      0x0000000000000000    0x78651
 *(.debug_str)
 .debug_str     0x0000000000000000    0x73b23 build/example_project.o
                                      0x73dac (size before relaxing)
 .debug_str     0x0000000000073b23       0xd3 lib_build/xmc_gpio.o
                                      0x73550 (size before relaxing)
 .debug_str     0x0000000000073bf6       0x9e lib_build/xmc4_gpio.o
                                      0x736d5 (size before relaxing)
 .debug_str     0x0000000000073c94     0x136e lib_build/xmc_rtc.o
                                      0x708b3 (size before relaxing)
 .debug_str     0x0000000000075002      0x18f lib_build/xmc4_rtc.o
                                      0x707a9 (size before relaxing)
 .debug_str     0x0000000000075191     0x2439 lib_build/xmc4_scu.o
                                      0x71f62 (size before relaxing)
 .debug_str     0x00000000000775ca      0xb79 lib_build/system_XMC4500.o
                                      0x6fdda (size before relaxing)
 .debug_str     0x0000000000078143      0x50e lib_build/syscalls.o
                                       0x75a5 (size before relaxing)

.debug_loc      0x0000000000000000     0x3172
 *(.debug_loc)
 .debug_loc     0x0000000000000000      0x1e2 build/example_project.o
 .debug_loc     0x00000000000001e2       0xb8 lib_build/xmc_gpio.o
 .debug_loc     0x000000000000029a       0xb8 lib_build/xmc4_gpio.o
 .debug_loc     0x0000000000000352      0x3e0 lib_build/xmc_rtc.o
 .debug_loc     0x0000000000000732      0x304 lib_build/xmc4_rtc.o
 .debug_loc     0x0000000000000a36     0x2504 lib_build/xmc4_scu.o
 .debug_loc     0x0000000000002f3a      0x1a4 lib_build/system_XMC4500.o
 .debug_loc     0x00000000000030de       0x94 lib_build/syscalls.o

.debug_macinfo
 *(.debug_macinfo)

.debug_ranges   0x0000000000000000      0x540
 *(.debug_ranges)
 .debug_ranges  0x0000000000000000       0x38 build/example_project.o
 .debug_ranges  0x0000000000000038       0x18 lib_build/xmc_gpio.o
 .debug_ranges  0x0000000000000050       0x18 lib_build/xmc4_gpio.o
 .debug_ranges  0x0000000000000068       0x70 lib_build/xmc_rtc.o
 .debug_ranges  0x00000000000000d8       0x60 lib_build/xmc4_rtc.o
 .debug_ranges  0x0000000000000138      0x3b8 lib_build/xmc4_scu.o
 .debug_ranges  0x00000000000004f0       0x38 lib_build/system_XMC4500.o
 .debug_ranges  0x0000000000000528       0x18 lib_build/syscalls.o

.debug_weaknames
 *(.debug_weaknames)

.debug_funcnames
 *(.debug_funcnames)

.debug_typenames
 *(.debug_typenames)

.debug_varnames
 *(.debug_varnames)

.build_attributes
                0x0000000000000000      0x256
 *(.ARM.attributes)
 .ARM.attributes
                0x0000000000000000       0x32 build/example_project.o
 .ARM.attributes
                0x0000000000000032       0x32 lib_build/xmc_gpio.o
 .ARM.attributes
                0x0000000000000064       0x32 lib_build/xmc4_gpio.o
 .ARM.attributes
                0x0000000000000096       0x32 lib_build/xmc_rtc.o
 .ARM.attributes
                0x00000000000000c8       0x32 lib_build/xmc4_rtc.o
 .ARM.attributes
                0x00000000000000fa       0x32 lib_build/xmc4_scu.o
 .ARM.attributes
                0x000000000000012c       0x20 lib_build/startup_XMC4500.o
 .ARM.attributes
                0x000000000000014c       0x32 lib_build/system_XMC4500.o
 .ARM.attributes
                0x000000000000017e       0x32 lib_build/syscalls.o
 .ARM.attributes
                0x00000000000001b0       0x2e /nas/ei/share/tools/gcc/gcc-arm/gcc-arm-none-eabi-10.3-2021.10/bin/../lib/gcc/arm-none-eabi/10.3.1/../../../../arm-none-eabi/lib/thumb/v7e-m/nofp/libg.a(lib_a-errno.o)
 .ARM.attributes
                0x00000000000001de       0x2e /nas/ei/share/tools/gcc/gcc-arm/gcc-arm-none-eabi-10.3-2021.10/bin/../lib/gcc/arm-none-eabi/10.3.1/../../../../arm-none-eabi/lib/thumb/v7e-m/nofp/libg.a(lib_a-impure.o)
 .ARM.attributes
                0x000000000000020c       0x2e /nas/ei/share/tools/gcc/gcc-arm/gcc-arm-none-eabi-10.3-2021.10/bin/../lib/gcc/arm-none-eabi/10.3.1/../../../../arm-none-eabi/lib/thumb/v7e-m/nofp/libg.a(lib_a-init.o)
 .ARM.attributes
                0x000000000000023a       0x1c /nas/ei/share/tools/gcc/gcc-arm/gcc-arm-none-eabi-10.3-2021.10/bin/../lib/gcc/arm-none-eabi/10.3.1/../../../../arm-none-eabi/lib/thumb/v7e-m/nofp/libg.a(lib_a-memcpy.o)
OUTPUT(build/main.elf elf32-littlearm)
LOAD linker stubs

.debug_macro    0x0000000000000000    0x19250
 .debug_macro   0x0000000000000000      0x1c2 build/example_project.o
 .debug_macro   0x00000000000001c2      0xa6c build/example_project.o
 .debug_macro   0x0000000000000c2e      0x16d build/example_project.o
 .debug_macro   0x0000000000000d9b       0x22 build/example_project.o
 .debug_macro   0x0000000000000dbd       0x8e build/example_project.o
 .debug_macro   0x0000000000000e4b       0x51 build/example_project.o
 .debug_macro   0x0000000000000e9c      0x103 build/example_project.o
 .debug_macro   0x0000000000000f9f       0x6a build/example_project.o
 .debug_macro   0x0000000000001009      0x1df build/example_project.o
 .debug_macro   0x00000000000011e8       0x22 build/example_project.o
 .debug_macro   0x000000000000120a       0x64 build/example_project.o
 .debug_macro   0x000000000000126e       0x1e build/example_project.o
 .debug_macro   0x000000000000128c       0x35 build/example_project.o
 .debug_macro   0x00000000000012c1       0x34 build/example_project.o
 .debug_macro   0x00000000000012f5       0x16 build/example_project.o
 .debug_macro   0x000000000000130b       0x43 build/example_project.o
 .debug_macro   0x000000000000134e       0x34 build/example_project.o
 .debug_macro   0x0000000000001382       0x10 build/example_project.o
 .debug_macro   0x0000000000001392       0x58 build/example_project.o
 .debug_macro   0x00000000000013ea      0x182 build/example_project.o
 .debug_macro   0x000000000000156c      0x35d build/example_project.o
 .debug_macro   0x00000000000018c9       0x10 build/example_project.o
 .debug_macro   0x00000000000018d9       0x35 build/example_project.o
 .debug_macro   0x000000000000190e      0x167 build/example_project.o
 .debug_macro   0x0000000000001a75       0x2d build/example_project.o
 .debug_macro   0x0000000000001aa2       0x28 build/example_project.o
 .debug_macro   0x0000000000001aca       0xaf build/example_project.o
 .debug_macro   0x0000000000001b79      0xfe7 build/example_project.o
 .debug_macro   0x0000000000002b60       0x16 build/example_project.o
 .debug_macro   0x0000000000002b76    0x1474b build/example_project.o
 .debug_macro   0x00000000000172c1       0x12 build/example_project.o
 .debug_macro   0x00000000000172d3       0x4c build/example_project.o
 .debug_macro   0x000000000001731f       0x22 build/example_project.o
 .debug_macro   0x0000000000017341      0x861 build/example_project.o
 .debug_macro   0x0000000000017ba2       0xa5 build/example_project.o
 .debug_macro   0x0000000000017c47      0x1b6 lib_build/xmc_gpio.o
 .debug_macro   0x0000000000017dfd      0x1c2 lib_build/xmc4_gpio.o
 .debug_macro   0x0000000000017fbf      0x2a2 lib_build/xmc_rtc.o
 .debug_macro   0x0000000000018261       0x9f lib_build/xmc_rtc.o
 .debug_macro   0x0000000000018300       0x16 lib_build/xmc_rtc.o
 .debug_macro   0x0000000000018316       0x10 lib_build/xmc_rtc.o
 .debug_macro   0x0000000000018326       0x10 lib_build/xmc_rtc.o
 .debug_macro   0x0000000000018336       0x10 lib_build/xmc_rtc.o
 .debug_macro   0x0000000000018346       0x1c lib_build/xmc_rtc.o
 .debug_macro   0x0000000000018362       0x52 lib_build/xmc_rtc.o
 .debug_macro   0x00000000000183b4       0x22 lib_build/xmc_rtc.o
 .debug_macro   0x00000000000183d6       0x10 lib_build/xmc_rtc.o
 .debug_macro   0x00000000000183e6       0x52 lib_build/xmc_rtc.o
 .debug_macro   0x0000000000018438       0xd5 lib_build/xmc_rtc.o
 .debug_macro   0x000000000001850d       0x1c lib_build/xmc_rtc.o
 .debug_macro   0x0000000000018529       0x3d lib_build/xmc_rtc.o
 .debug_macro   0x0000000000018566       0x35 lib_build/xmc_rtc.o
 .debug_macro   0x000000000001859b      0x266 lib_build/xmc4_rtc.o
 .debug_macro   0x0000000000018801      0x20d lib_build/xmc4_scu.o
 .debug_macro   0x0000000000018a0e      0x301 lib_build/system_XMC4500.o
 .debug_macro   0x0000000000018d0f       0x5e lib_build/system_XMC4500.o
 .debug_macro   0x0000000000018d6d       0x94 lib_build/system_XMC4500.o
 .debug_macro   0x0000000000018e01       0x57 lib_build/system_XMC4500.o
 .debug_macro   0x0000000000018e58       0x22 lib_build/system_XMC4500.o
 .debug_macro   0x0000000000018e7a      0x18b lib_build/syscalls.o
 .debug_macro   0x0000000000019005       0x10 lib_build/syscalls.o
 .debug_macro   0x0000000000019015      0x23b lib_build/syscalls.o
